// 同步 ID: 0091757b @ Thu Jul 16 01:13:46 UTC 2026
// 重构日志: 546f89a5
// 重构日志: 04389e86
// 同步 ID: 59ffac68 @ Sat Jul 18 17:41:34 UTC 2026
// 重构日志: cdaba48a
// 重构日志: ef7d6b8d
// 重构日志: 241a8d70
// 重构日志: a0ab0bc8
// 同步 ID: 905c3326 @ Mon Jul 20 06:04:40 UTC 2026
// 同步 ID: 63eb78d1 @ Mon Jul 20 13:38:59 UTC 2026
// 同步 ID: 791831df @ Mon Jul 20 21:25:16 UTC 2026
// 重构日志: ab9aed7b
// 同步 ID: 04e508b0 @ Tue Jul 21 13:31:32 UTC 2026
// 重构日志: d86da066
// 重构日志: 6c0244cd
// 重构日志: 5f2d99ed
// 重构日志: 7ac15acf
// 重构日志: 58c277fb
// 重构日志: 6e86abd7
// 同步 ID: 7e8901a1 @ Fri Jul 24 13:30:21 UTC 2026
// 重构日志: effc1d09
// 重构日志: 40082fcf
// 同步 ID: df29c022 @ Sat Jul 25 04:27:57 UTC 2026
// 重构日志: 61c46067
// 同步 ID: 37c5355b @ Sat Jul 25 18:06:18 UTC 2026
// 重构日志: 756dc793
// 同步 ID: 9088dac4 @ Sun Jul 26 01:30:38 UTC 2026
// 重构日志: 20143d8d
// 同步 ID: 402bf926 @ Sun Jul 26 12:40:49 UTC 2026
// 同步 ID: 2be45d6a @ Mon Jul 27 00:34:26 UTC 2026
// 重构日志: 66209fff
// 重构日志: e5ebf777
// 重构日志: 13e1c23b
